[hienle.demo.123corp.vn/steeldoor/index.html]
[maxcdn.bootstrapcdn.com/bootstrap/3.3.7/css/bootstrap.min.css]
[use.fontawesome.com/releases/v5.7.2/css/all.css]
[cdnjs.cloudflare.com/ajax/libs/animate.css/3.7.2/animate.min.css]
[unpkg.com/aos@3.0.0-beta.6/dist/aos.css]
[backblue.gif]
[fade.gif]
[index.html]
[hienle.demo.123corp.vn/steeldoor/gio-hang.html]
[hienle.demo.123corp.vn/steeldoor/img/logo.png]
[hienle.demo.123corp.vn/steeldoor/gioi-thieu.html]
[hienle.demo.123corp.vn/steeldoor/san-pham.html]
[hienle.demo.123corp.vn/steeldoor/blog.html]
[hienle.demo.123corp.vn/steeldoor/tin-tuc.html]
[hienle.demo.123corp.vn/steeldoor/video.html]
[hienle.demo.123corp.vn/steeldoor/cong-trinh.html]
[hienle.demo.123corp.vn/steeldoor/tuyen-dung.html]
[hienle.demo.123corp.vn/steeldoor/quy-trinh-tuyen-dung.html]
[hienle.demo.123corp.vn/steeldoor/co-hoi-nghe-nghiep.html]
[hienle.demo.123corp.vn/steeldoor/lien-he.html]
[hienle.demo.123corp.vn/steeldoor/img/banner1.jpg]
[hienle.demo.123corp.vn/steeldoor/img/banner2.jpg]
[hienle.demo.123corp.vn/steeldoor/img/banner3.jpg]
[hienle.demo.123corp.vn/steeldoor/san-pham-chi-tiet.html]
[hienle.demo.123corp.vn/steeldoor/img/sp1.jpg]
[hienle.demo.123corp.vn/steeldoor/img/hot.png]
[hienle.demo.123corp.vn/steeldoor/img/sp2.jpg]
[hienle.demo.123corp.vn/steeldoor/img/new.png]
[hienle.demo.123corp.vn/steeldoor/img/bg-design.jpg]
[hienle.demo.123corp.vn/steeldoor/img/ck1.png]
[hienle.demo.123corp.vn/steeldoor/img/ck2.png]
[hienle.demo.123corp.vn/steeldoor/img/ck3.png]
[hienle.demo.123corp.vn/steeldoor/img/ck4.png]
[hienle.demo.123corp.vn/steeldoor/img/payment-icon.png]
[ajax.googleapis.com/ajax/libs/jquery/1.11.0/jquery.min.js]
[maxcdn.bootstrapcdn.com/bootstrap/3.3.5/js/bootstrap.min.js]
[unpkg.com/aos@3.0.0-beta.6/dist/aos.js]
[hienle.demo.123corp.vn/steeldoor/js/owl.carousel.min.js]
[hienle.demo.123corp.vn/steeldoor/js/jssor.slider.min.js]
[hienle.demo.123corp.vn/steeldoor/js/main.js]
[hienle.demo.123corp.vn/steeldoor/index.html]
[maxcdn.bootstrapcdn.com/bootstrap/3.3.7/css/bootstrap.min.css]
[use.fontawesome.com/releases/v5.7.2/css/all.css]
[cdnjs.cloudflare.com/ajax/libs/animate.css/3.7.2/animate.min.css]
[unpkg.com/aos@3.0.0-beta.6/dist/aos.css]
[hienle.demo.123corp.vn/steeldoor/css/owl.carousel.min.css]
[hienle.demo.123corp.vn/steeldoor/css/owl.theme.default.min.css]
[hienle.demo.123corp.vn/steeldoor/img/line.png]
[hienle.demo.123corp.vn/steeldoor/css/style.css]
[hienle.demo.123corp.vn/steeldoor/img/bg-foot.png]
[hienle.demo.123corp.vn/steeldoor/img/pd-05-color-b-1.jpg]
[hienle.demo.123corp.vn/steeldoor/thanh-toan.html]
[hienle.demo.123corp.vn/steeldoor/gio-hang.html]
[hienle.demo.123corp.vn/steeldoor/img/bn-gt.jpg]
[hienle.demo.123corp.vn/steeldoor/img/2006.jpg]
[hienle.demo.123corp.vn/steeldoor/img/2007.jpg]
[hienle.demo.123corp.vn/steeldoor/img/2008.jpg]
[hienle.demo.123corp.vn/steeldoor/img/2009.jpg]
[hienle.demo.123corp.vn/steeldoor/img/2015.jpg]
[hienle.demo.123corp.vn/steeldoor/img/hsnl.jpg]
[hienle.demo.123corp.vn/steeldoor/img/gt1.jpg]
[hienle.demo.123corp.vn/steeldoor/img/gt2.png]
[hienle.demo.123corp.vn/steeldoor/img/gt3.jpg]
[hienle.demo.123corp.vn/steeldoor/img/gt4.jpg]
[hienle.demo.123corp.vn/steeldoor/img/gt5.png]
[hienle.demo.123corp.vn/steeldoor/img/gt6.jpg]
[hienle.demo.123corp.vn/steeldoor/img/gt7.jpg]
[hienle.demo.123corp.vn/steeldoor/img/gt8.jpg]
[hienle.demo.123corp.vn/steeldoor/img/tc1.jpg]
[hienle.demo.123corp.vn/steeldoor/img/tc2.png]
[hienle.demo.123corp.vn/steeldoor/img/tc3.jpg]
[hienle.demo.123corp.vn/steeldoor/img/ttsp1.jpg]
[hienle.demo.123corp.vn/steeldoor/img/ttsp2.jpg]
[hienle.demo.123corp.vn/steeldoor/img/ttsp3.jpg]
[hienle.demo.123corp.vn/steeldoor/img/ttsp4.jpg]
[hienle.demo.123corp.vn/steeldoor/img/ttsp5.jpg]
[hienle.demo.123corp.vn/steeldoor/img/ttsp6.jpg]
[hienle.demo.123corp.vn/steeldoor/img/ttsp7.jpg]
[hienle.demo.123corp.vn/steeldoor/img/ttsp8.png]
[hienle.demo.123corp.vn/steeldoor/img/ttsp9.jpg]
[hienle.demo.123corp.vn/steeldoor/img/ttsp10.jpg]
[hienle.demo.123corp.vn/steeldoor/img/ttsp11.jpg]
[hienle.demo.123corp.vn/steeldoor/gioi-thieu.html]
[hienle.demo.123corp.vn/steeldoor/san-pham.html]
[hienle.demo.123corp.vn/steeldoor/img/blog1.jpg]
[hienle.demo.123corp.vn/steeldoor/img/blog2.jpg]
[hienle.demo.123corp.vn/steeldoor/blog.html]
[hienle.demo.123corp.vn/steeldoor/tin-tuc-chi-tiet.html]
[hienle.demo.123corp.vn/steeldoor/img/tt1.png]
[hienle.demo.123corp.vn/steeldoor/tin-tuc.html]
[hienle.demo.123corp.vn/steeldoor/video-chi-tiet.html]
[hienle.demo.123corp.vn/steeldoor/img/video1.png]
[hienle.demo.123corp.vn/steeldoor/video.html]
[hienle.demo.123corp.vn/steeldoor/cong-trinh-chi-tiet.html]
[hienle.demo.123corp.vn/steeldoor/img/ct1.jpg]
[hienle.demo.123corp.vn/steeldoor/cong-trinh.html]
[hienle.demo.123corp.vn/steeldoor/img/tdung1.jpg]
[hienle.demo.123corp.vn/steeldoor/img/tdung2.jpg]
[hienle.demo.123corp.vn/steeldoor/tuyen-dung.html]
[hienle.demo.123corp.vn/steeldoor/quy-trinh-tuyen-dung-chi-tiet.html]
[hienle.demo.123corp.vn/steeldoor/quy-trinh-tuyen-dung.html]
[hienle.demo.123corp.vn/steeldoor/co-hoi-nghe-nghiep-chi-tiet.html]
[hienle.demo.123corp.vn/steeldoor/img/chnn1.jpg]
[hienle.demo.123corp.vn/steeldoor/img/chnn2.jpg]
[hienle.demo.123corp.vn/steeldoor/img/chnn3.png]
[hienle.demo.123corp.vn/steeldoor/co-hoi-nghe-nghiep.html]
[hienle.demo.123corp.vn/steeldoor/img/dt.png]
[hienle.demo.123corp.vn/steeldoor/lien-he.html]
[hienle.demo.123corp.vn/steeldoor/img/banner3.jpg]
[hienle.demo.123corp.vn/steeldoor/img/pd-05-color-b-2.jpg]
[hienle.demo.123corp.vn/steeldoor/img/color-b.jpg]
[hienle.demo.123corp.vn/steeldoor/img/color-g.jpg]
[hienle.demo.123corp.vn/steeldoor/img/color-gh.jpg]
[hienle.demo.123corp.vn/steeldoor/img/color-h.jpg]
[hienle.demo.123corp.vn/steeldoor/img/color-r.jpg]
[hienle.demo.123corp.vn/steeldoor/img/color-rb.jpg]
[hienle.demo.123corp.vn/steeldoor/js/lightslider.js]
[hienle.demo.123corp.vn/steeldoor/san-pham-chi-tiet.html]
[hienle.demo.123corp.vn/steeldoor/css/owl.video.play.html]
[hienle.demo.123corp.vn/steeldoor/thanh-toan.html]
[hienle.demo.123corp.vn/steeldoor/img/gt8.jpg]
[hienle.demo.123corp.vn/steeldoor/tin-tuc-chi-tiet.html]
[hienle.demo.123corp.vn/steeldoor/video-chi-tiet.html]
[hienle.demo.123corp.vn/steeldoor/cong-trinh-chi-tiet.html]
[hienle.demo.123corp.vn/steeldoor/quy-trinh-tuyen-dung-chi-tiet.html]
[hienle.demo.123corp.vn/steeldoor/co-hoi-nghe-nghiep-chi-tiet.html]
[hienle.demo.123corp.vn/steeldoor/css/lightslider.css]
[s7.addthis.com/js/300/addthis_widget.js]
